// Jest Snapshot v1, https://goo.gl/fbAQLP

exports[`Deberia render AddGastosPage 1`] = `undefined`;
