// Jest Snapshot v1, https://goo.gl/fbAQLP

exports[`Deberia render EditGastosPage 1`] = `undefined`;
