// Jest Snapshot v1, https://goo.gl/fbAQLP

exports[`Deberia render GastosDashboardPage 1`] = `
<div>
  <Connect(GastosSummary) />
  <Connect(FiltrosListaGasto) />
  <Connect(ListaGasto) />
</div>
`;
