// Jest Snapshot v1, https://goo.gl/fbAQLP

exports[`Deberia render NotFoundPage 1`] = `
<div>
  404!!! 
  <Link
    to="/"
  >
    Ir a Home
  </Link>
</div>
`;
